-- The CXX compiler identification is Clang 18.1.8
-- Detecting CXX compiler ABI info
-- Detecting CXX compiler ABI info - done
-- Check for working CXX compiler: /usr/bin/clang++-18 - skipped
-- Detecting CXX compile features
-- Detecting CXX compile features - done
-- Failed to find upstream/system Z3 package; reverting to manual search
-- Extracted Z3 version information from /usr/include/z3_version.h
-- Parsed Z3 version: 4.8.12.0
-- Found Z3: /usr/include (found version "4.8.12.0") 
-- Manually found Z3 (libs: /usr/lib/x86_64-linux-gnu/libz3.so; public headers: /usr/include)
-- Performing Test HAVE_FFI_CALL
-- Performing Test HAVE_FFI_CALL - Success
-- Found FFI: /usr/lib/x86_64-linux-gnu/libffi.so  
-- Could NOT find LibEdit (missing: LibEdit_INCLUDE_DIRS LibEdit_LIBRARIES) 
-- Performing Test Terminfo_LINKABLE
-- Performing Test Terminfo_LINKABLE - Success
-- Found Terminfo: /usr/lib/x86_64-linux-gnu/libtinfo.so  
-- Found ZLIB: /usr/lib/x86_64-linux-gnu/libz.so (found version "1.2.11")  
-- Could NOT find zstd (missing: zstd_LIBRARY zstd_INCLUDE_DIR) 
-- Found LibXml2: /usr/lib/x86_64-linux-gnu/libxml2.so (found version "2.9.13") 
-- Could NOT find CURL (missing: CURL_LIBRARY CURL_INCLUDE_DIR) 
-- Configuring done (5.3s)
-- Generating done (0.0s)
-- Build files have been written to: /home/lqq/project/TAFuzz/benchmark/rift/reproduction/svf/api-build
