[1/124] Building CXX object svf/CMakeFiles/SvfCore.dir/lib/AE/Core/RelExeState.cpp.o
[2/124] Building CXX object svf/CMakeFiles/SvfCore.dir/lib/AE/Svfexe/AEDetector.cpp.o
[3/124] Building CXX object svf/CMakeFiles/SvfCore.dir/lib/AE/Core/RelationSolver.cpp.o
[4/124] Building CXX object svf/CMakeFiles/SvfCore.dir/lib/AE/Core/AbstractState.cpp.o
[5/124] Building CXX object svf/CMakeFiles/SvfCore.dir/lib/CFL/CFGrammar.cpp.o
[6/124] Building CXX object svf/CMakeFiles/SvfCore.dir/lib/CFL/CFGNormalizer.cpp.o
[7/124] Building CXX object svf/CMakeFiles/SvfCore.dir/lib/AE/Svfexe/AbsExtAPI.cpp.o
[8/124] Building CXX object svf/CMakeFiles/SvfCore.dir/lib/CFL/CFLAlias.cpp.o
[9/124] Building CXX object svf/CMakeFiles/SvfCore.dir/lib/CFL/CFLBase.cpp.o
[10/124] Building CXX object svf/CMakeFiles/SvfCore.dir/lib/AE/Svfexe/AbstractInterpretation.cpp.o
[11/124] Building CXX object svf/CMakeFiles/SvfCore.dir/lib/CFL/CFLGraphBuilder.cpp.o
[12/124] Building CXX object svf/CMakeFiles/SvfCore.dir/lib/CFL/CFLSolver.cpp.o
[13/124] Building CXX object svf/CMakeFiles/SvfCore.dir/lib/CFL/CFLSVFGBuilder.cpp.o
[14/124] Building CXX object svf/CMakeFiles/SvfCore.dir/lib/CFL/GrammarBuilder.cpp.o
[15/124] Building CXX object svf/CMakeFiles/SvfCore.dir/lib/CFL/CFLStat.cpp.o
[16/124] Building CXX object svf/CMakeFiles/SvfCore.dir/lib/CFL/CFLVF.cpp.o
[17/124] Building CXX object svf/CMakeFiles/SvfCore.dir/lib/DDA/DDAClient.cpp.o
[18/124] Building CXX object svf/CMakeFiles/SvfCore.dir/lib/DDA/ContextDDA.cpp.o
[19/124] Building CXX object svf/CMakeFiles/SvfCore.dir/lib/DDA/DDAPass.cpp.o
[20/124] Building CXX object svf/CMakeFiles/SvfCore.dir/lib/FastCluster/fastcluster.cpp.o
[21/124] Building CXX object svf/CMakeFiles/SvfCore.dir/lib/DDA/DDAStat.cpp.o
[22/124] Building CXX object svf/CMakeFiles/SvfCore.dir/lib/Graphs/CDG.cpp.o
[23/124] Building CXX object svf/CMakeFiles/SvfCore.dir/lib/DDA/FlowDDA.cpp.o
[24/124] Building CXX object svf/CMakeFiles/SvfCore.dir/lib/Graphs/BasicBlockG.cpp.o
[25/124] Building CXX object svf/CMakeFiles/SvfCore.dir/lib/Graphs/CFLGraph.cpp.o
[26/124] Building CXX object svf/CMakeFiles/SvfCore.dir/lib/Graphs/GraphWriter.cpp.o
[27/124] Building CXX object svf/CMakeFiles/SvfCore.dir/lib/Graphs/CHG.cpp.o
[28/124] Building CXX object svf/CMakeFiles/SvfCore.dir/lib/Graphs/ConsG.cpp.o
[29/124] Building CXX object svf/CMakeFiles/SvfCore.dir/lib/Graphs/CallGraph.cpp.o
[30/124] Building CXX object svf/CMakeFiles/SvfCore.dir/lib/Graphs/ICFG.cpp.o
[31/124] Building CXX object svf/CMakeFiles/SvfCore.dir/lib/Graphs/IRGraph.cpp.o
[32/124] Building CXX object svf/CMakeFiles/SvfCore.dir/lib/Graphs/SVFGOPT.cpp.o
[33/124] Building CXX object svf/CMakeFiles/SvfCore.dir/lib/Graphs/SVFGStat.cpp.o
[34/124] Building CXX object svf/CMakeFiles/SvfCore.dir/lib/Graphs/SVFG.cpp.o
[35/124] Building CXX object svf/CMakeFiles/SvfCore.dir/lib/Graphs/SVFGReadWrite.cpp.o
[36/124] Building CXX object svf/CMakeFiles/SvfCore.dir/lib/Graphs/ThreadCallGraph.cpp.o
[37/124] Building CXX object svf/CMakeFiles/SvfCore.dir/lib/MSSA/MemPartition.cpp.o
[38/124] Building CXX object svf/CMakeFiles/SvfCore.dir/lib/MSSA/MemRegion.cpp.o
[39/124] Building CXX object svf/CMakeFiles/SvfCore.dir/lib/Graphs/VFG.cpp.o
[40/124] Building CXX object svf/CMakeFiles/SvfCore.dir/lib/MSSA/SVFGBuilder.cpp.o
[41/124] Building CXX object svf/CMakeFiles/SvfCore.dir/lib/MSSA/MemSSA.cpp.o
[42/124] Building CXX object svf/CMakeFiles/SvfCore.dir/lib/MTA/LockAnalysis.cpp.o
[43/124] Building CXX object svf/CMakeFiles/SvfCore.dir/lib/MTA/MTAStat.cpp.o
[44/124] Building CXX object svf/CMakeFiles/SvfCore.dir/lib/MTA/MHP.cpp.o
[45/124] Building CXX object svf/CMakeFiles/SvfCore.dir/lib/MTA/MTA.cpp.o
[46/124] Building CXX object svf/CMakeFiles/SvfCore.dir/lib/MTA/TCT.cpp.o
[47/124] Building CXX object svf/CMakeFiles/SvfCore.dir/lib/MemoryModel/AccessPath.cpp.o
[48/124] Building CXX object svf/CMakeFiles/SvfCore.dir/lib/MemoryModel/PointerAnalysis.cpp.o
[49/124] Building CXX object svf/CMakeFiles/SvfCore.dir/lib/MemoryModel/PointsTo.cpp.o
[50/124] Building CXX object svf/CMakeFiles/SvfCore.dir/lib/MemoryModel/PointerAnalysisImpl.cpp.o
[51/124] Building CXX object svf/CMakeFiles/SvfCore.dir/lib/SABER/DoubleFreeChecker.cpp.o
[52/124] Building CXX object svf/CMakeFiles/SvfCore.dir/lib/SABER/FileChecker.cpp.o
[53/124] Building CXX object svf/CMakeFiles/SvfCore.dir/lib/SABER/SaberCheckerAPI.cpp.o
[54/124] Building CXX object svf/CMakeFiles/SvfCore.dir/lib/SABER/LeakChecker.cpp.o
[55/124] Building CXX object svf/CMakeFiles/SvfCore.dir/lib/SABER/ProgSlice.cpp.o
[56/124] Building CXX object svf/CMakeFiles/SvfCore.dir/lib/SVFIR/PAGBuilderFromFile.cpp.o
[57/124] Building CXX object svf/CMakeFiles/SvfCore.dir/lib/SABER/SaberSVFGBuilder.cpp.o
[58/124] Building CXX object svf/CMakeFiles/SvfCore.dir/lib/SABER/SaberCondAllocator.cpp.o
[59/124] Building CXX object svf/CMakeFiles/SvfCore.dir/lib/SVFIR/SVFType.cpp.o
[60/124] Building CXX object svf/CMakeFiles/SvfCore.dir/lib/SVFIR/SVFValue.cpp.o
[61/124] Building CXX object svf/CMakeFiles/SvfCore.dir/lib/SABER/SrcSnkDDA.cpp.o
[62/124] Building CXX object svf/CMakeFiles/SvfCore.dir/lib/SVFIR/SVFStatements.cpp.o
[63/124] Building CXX object svf/CMakeFiles/SvfCore.dir/lib/SVFIR/SVFIR.cpp.o
[64/124] Building CXX object svf/CMakeFiles/SvfCore.dir/lib/Util/BitVector.cpp.o
[65/124] Building CXX object svf/CMakeFiles/SvfCore.dir/lib/Util/CoreBitVector.cpp.o
[66/124] Building CXX object svf/CMakeFiles/SvfCore.dir/lib/SVFIR/SVFVariables.cpp.o
[67/124] Building CXX object svf/CMakeFiles/SvfCore.dir/lib/Util/CallGraphBuilder.cpp.o
[68/124] Building CXX object svf/CMakeFiles/SvfCore.dir/lib/Util/CDGBuilder.cpp.o
[69/124] Building CXX object svf/CMakeFiles/SvfCore.dir/lib/Util/ExtAPI.cpp.o
[70/124] Building CXX object svf/CMakeFiles/SvfCore.dir/lib/Util/PTAStat.cpp.o
[71/124] Building CXX object svf/CMakeFiles/SvfCore.dir/lib/Util/NodeIDAllocator.cpp.o
[72/124] Building CXX object svf/CMakeFiles/SvfCore.dir/lib/Util/SVFBugReport.cpp.o
[73/124] Building CXX object svf/CMakeFiles/SvfCore.dir/lib/Util/Options.cpp.o
[74/124] Building CXX object svf/CMakeFiles/SvfCore.dir/lib/Util/SVFUtil.cpp.o
[75/124] Building CXX object svf/CMakeFiles/SvfCore.dir/lib/Util/SVFStat.cpp.o
[76/124] Building CXX object svf/CMakeFiles/SvfCore.dir/lib/Util/ThreadAPI.cpp.o
[77/124] Building CXX object svf/CMakeFiles/SvfCore.dir/lib/Util/cJSON.cpp.o
[78/124] Building CXX object svf/CMakeFiles/SvfCore.dir/lib/Util/Z3Expr.cpp.o
[79/124] Building CXX object svf/CMakeFiles/SvfCore.dir/lib/WPA/AndersenSCD.cpp.o
[80/124] Building CXX object svf/CMakeFiles/SvfCore.dir/lib/WPA/AndersenSFR.cpp.o
[81/124] Building CXX object svf/CMakeFiles/SvfCore.dir/lib/WPA/Andersen.cpp.o
[82/124] Building CXX object svf/CMakeFiles/SvfCore.dir/lib/WPA/CSC.cpp.o
[83/124] Building CXX object svf/CMakeFiles/SvfCore.dir/lib/WPA/AndersenStat.cpp.o
[84/124] Building CXX object svf/CMakeFiles/SvfCore.dir/lib/WPA/AndersenWaveDiff.cpp.o
[85/124] Building CXX object svf/CMakeFiles/SvfCore.dir/lib/WPA/FlowSensitive.cpp.o
[86/124] Building CXX object svf/CMakeFiles/SvfCore.dir/lib/WPA/FlowSensitiveStat.cpp.o
[87/124] Building CXX object svf/CMakeFiles/SvfCore.dir/lib/WPA/Steensgaard.cpp.o
[88/124] Building CXX object svf/CMakeFiles/SvfCore.dir/lib/WPA/TypeAnalysis.cpp.o
[89/124] Generating extapi.bc LLVM bitcode file...
[90/124] Building CXX object svf/CMakeFiles/SvfCore.dir/lib/WPA/VersionedFlowSensitiveStat.cpp.o
[91/124] Building CXX object svf/CMakeFiles/SvfCore.dir/lib/WPA/WPAPass.cpp.o
[92/124] Building CXX object svf/CMakeFiles/SvfCore.dir/lib/WPA/VersionedFlowSensitive.cpp.o
[93/124] Linking CXX shared library lib/libSvfCore.so.3.2
[94/124] Creating library symlink lib/libSvfCore.so.3 lib/libSvfCore.so
[95/124] Building CXX object svf-llvm/CMakeFiles/SvfLLVM.dir/lib/ICFGBuilder.cpp.o
[96/124] Building CXX object svf-llvm/CMakeFiles/SvfLLVM.dir/lib/BreakConstantExpr.cpp.o
[97/124] Building CXX object svf-llvm/CMakeFiles/SvfLLVM.dir/lib/CHGBuilder.cpp.o
[98/124] Building CXX object svf-llvm/CMakeFiles/SvfLLVM.dir/lib/CppUtil.cpp.o
[99/124] Building CXX object svf-llvm/CMakeFiles/SvfLLVM.dir/lib/LLVMLoopAnalysis.cpp.o
[100/124] Building CXX object svf-llvm/CMakeFiles/SvfLLVM.dir/lib/DCHG.cpp.o
[101/124] Building CXX object svf-llvm/CMakeFiles/SvfLLVM.dir/lib/LLVMUtil.cpp.o
[102/124] Building CXX object svf-llvm/CMakeFiles/SvfLLVM.dir/lib/ObjTypeInference.cpp.o
[103/124] Building CXX object svf-llvm/CMakeFiles/SvfLLVM.dir/lib/LLVMModule.cpp.o
[104/124] Building CXX object svf-llvm/CMakeFiles/SvfLLVM.dir/lib/SVFIRBuilder.cpp.o
[105/124] Building CXX object svf-llvm/CMakeFiles/SvfLLVM.dir/lib/SVFIRExtAPI.cpp.o
[106/124] Building CXX object svf-llvm/CMakeFiles/SvfLLVM.dir/lib/SymbolTableBuilder.cpp.o
[107/124] Linking CXX shared library lib/libSvfLLVM.so.3.2
[108/124] Creating library symlink lib/libSvfLLVM.so.3 lib/libSvfLLVM.so
[109/124] Building CXX object svf-llvm/tools/WPA/CMakeFiles/wpa.dir/wpa.cpp.o
[110/124] Linking CXX executable bin/wpa
[111/124] Building CXX object svf-llvm/tools/SABER/CMakeFiles/saber.dir/saber.cpp.o
[112/124] Linking CXX executable bin/saber
[113/124] Building CXX object svf-llvm/tools/Example/CMakeFiles/svf-ex.dir/svf-ex.cpp.o
[114/124] Linking CXX executable bin/svf-ex
[115/124] Building CXX object svf-llvm/tools/MTA/CMakeFiles/mta.dir/mta.cpp.o
[116/124] Building CXX object svf-llvm/tools/DDA/CMakeFiles/dvf.dir/dda.cpp.o
[117/124] Linking CXX executable bin/mta
[118/124] Linking CXX executable bin/dvf
[119/124] Building CXX object svf-llvm/tools/CFL/CMakeFiles/cfl.dir/cfl.cpp.o
[120/124] Linking CXX executable bin/cfl
[121/124] Building CXX object svf-llvm/tools/LLVM2SVF/CMakeFiles/llvm2svf.dir/llvm2svf.cpp.o
[122/124] Linking CXX executable bin/llvm2svf
[123/124] Building CXX object svf-llvm/tools/AE/CMakeFiles/ae.dir/ae.cpp.o
[124/124] Linking CXX executable bin/ae
	Command being timed: "/tmp/rift-svf-cmake-3.28.6/cmake-3.28.6-linux-x86_64/bin/cmake --build benchmark/rift/reproduction/svf/build --parallel 4"
	User time (seconds): 493.39
	System time (seconds): 29.73
	Percent of CPU this job got: 388%
	Elapsed (wall clock) time (h:mm:ss or m:ss): 2:14.72
	Average shared text size (kbytes): 0
	Average unshared data size (kbytes): 0
	Average stack size (kbytes): 0
	Average total size (kbytes): 0
	Maximum resident set size (kbytes): 696096
	Average resident set size (kbytes): 0
	Major (requiring I/O) page faults: 76
	Minor (reclaiming a frame) page faults: 8351425
	Voluntary context switches: 3407
	Involuntary context switches: 4431
	Swaps: 0
	File system inputs: 11184
	File system outputs: 42160
	Socket messages sent: 0
	Socket messages received: 0
	Signals delivered: 0
	Page size (bytes): 4096
	Exit status: 0
