	Command being timed: "/usr/bin/clang-18 -g -O0 -fno-discard-value-names -emit-llvm -c benchmark/rift/reproduction/svf/cases/alias_valueflow_smoke.c -o benchmark/rift/reproduction/svf/results/alias_valueflow_smoke.bc"
	User time (seconds): 0.00
	System time (seconds): 0.01
	Percent of CPU this job got: 84%
	Elapsed (wall clock) time (h:mm:ss or m:ss): 0:00.01
	Average shared text size (kbytes): 0
	Average unshared data size (kbytes): 0
	Average stack size (kbytes): 0
	Average total size (kbytes): 0
	Maximum resident set size (kbytes): 85472
	Average resident set size (kbytes): 0
	Major (requiring I/O) page faults: 0
	Minor (reclaiming a frame) page faults: 3837
	Voluntary context switches: 0
	Involuntary context switches: 0
	Swaps: 0
	File system inputs: 0
	File system outputs: 16
	Socket messages sent: 0
	Socket messages received: 0
	Signals delivered: 0
	Page size (bytes): 4096
	Exit status: 0
