{
  "certificate_path": "/tmp/rift-m5-libcoap-final-a299c793.CciHtu/result/m5_analysis_certificate.json",
  "certificate_sha256": null,
  "checks": 2,
  "failures": 2,
  "findings": [
    {
      "check_id": "physical.rehash",
      "detail": "M5 certificate: /tmp/rift-m5-libcoap-final-a299c793.CciHtu/result/m5_analysis_certificate.json: [Errno 2] No such file or directory: '/tmp/rift-m5-libcoap-final-a299c793.CciHtu/result/m5_analysis_certificate.json'",
      "status": "FAIL"
    },
    {
      "check_id": "certificate.load",
      "detail": "[Errno 2] No such file or directory: '/tmp/rift-m5-libcoap-final-a299c793.CciHtu/result/m5_analysis_certificate.json'",
      "status": "FAIL"
    }
  ],
  "physical_files_rehashed": 0,
  "schema_version": "rift-m5-detached-verifier/1.0.0",
  "verdict": "FAIL"
}
