Validation skipped for /home/lqq/project/TAFuzz/baseline/px4/src/modules/mavlink/mavlink/message_definitions/v1.0/development.xml.
Parsing /home/lqq/project/TAFuzz/baseline/px4/src/modules/mavlink/mavlink/message_definitions/v1.0/development.xml
Validation skipped for /home/lqq/project/TAFuzz/baseline/px4/src/modules/mavlink/mavlink/message_definitions/v1.0/common.xml.
Parsing /home/lqq/project/TAFuzz/baseline/px4/src/modules/mavlink/mavlink/message_definitions/v1.0/common.xml
CAMERA_TRACKING_STATUS_FLAGS_IDLE has invalid values (bitmask must have powers of 2)
Validation skipped for /home/lqq/project/TAFuzz/baseline/px4/src/modules/mavlink/mavlink/message_definitions/v1.0/standard.xml.
Parsing /home/lqq/project/TAFuzz/baseline/px4/src/modules/mavlink/mavlink/message_definitions/v1.0/standard.xml
MAV_BOOL_FALSE has invalid values (bitmask must have powers of 2)
Validation skipped for /home/lqq/project/TAFuzz/baseline/px4/src/modules/mavlink/mavlink/message_definitions/v1.0/minimal.xml.
Parsing /home/lqq/project/TAFuzz/baseline/px4/src/modules/mavlink/mavlink/message_definitions/v1.0/minimal.xml
Merged enum MAV_CMD
Found 243 MAVLink message types in 4 XML files
Generating /home/lqq/project/TAFuzz/benchmark/extraction_runs/milestone6/PX4/px4_development_v20.py
Generating preamble
Generating enums
Generating message IDs
Generating class definitions
Generating MAVLink class
Generating methods
Generated /home/lqq/project/TAFuzz/benchmark/extraction_runs/milestone6/PX4/px4_development_v20.py OK
