INFO  [px4] instance: 42

______  __   __    ___ 
| ___ \ \ \ / /   /   |
| |_/ /  \ V /   / /| |
|  __/   /   \  / /_| |
| |     / /^\ \ \___  |
\_|     \/   \/     |_/

px4 starting.

INFO  [px4] startup script: /bin/sh etc/init.d-posix/rcS 42
INFO  [init] found model autostart file as SYS_AUTOSTART=10016
INFO  [param] selected parameter default file parameters.bson
INFO  [param] selected parameter backup file parameters_backup.bson
  SYS_AUTOCONFIG: curr: 0 -> new: 1
  MAV_SYS_ID: curr: 1 -> new: 43
  UXRCE_DDS_KEY: curr: 1 -> new: 43
  SYS_AUTOSTART: curr: 0 -> new: 10016
  CAL_ACC0_ID: curr: 0 -> new: 1310988
  CAL_GYRO0_ID: curr: 0 -> new: 1310988
  CAL_ACC1_ID: curr: 0 -> new: 1310996
  CAL_GYRO1_ID: curr: 0 -> new: 1310996
  CAL_ACC2_ID: curr: 0 -> new: 1311004
  CAL_GYRO2_ID: curr: 0 -> new: 1311004
  CAL_MAG0_ID: curr: 0 -> new: 197388
  CAL_MAG0_PRIO: curr: -1 -> new: 50
  CAL_MAG1_ID: curr: 0 -> new: 197644
  CAL_MAG1_PRIO: curr: -1 -> new: 50
  SENS_BOARD_X_OFF: curr: 0.0000 -> new: 0.0000
  SENS_DPRES_OFF: curr: 0.0000 -> new: 0.0010
INFO  [dataman] data manager file './dataman' size is 1208528 bytes
INFO  [init] PX4_SIM_HOSTNAME: 127.0.0.1
INFO  [simulator_mavlink] using TCP on remote host 127.0.0.1 port 4602
WARN  [simulator_mavlink] Please ensure port 4602 is not blocked by a firewall.
INFO  [simulator_mavlink] Resolved host '127.0.0.1' to address: 127.0.0.1
INFO  [simulator_mavlink] Waiting for simulator to accept connection on TCP port 4602
ERROR [px4] Startup script returned with return value: 2
