	Command being timed: "timeout 1200 /home/lqq/anaconda3/bin/python ./waf -o /tmp/rift-ardupilot-clang/build --no-lock-in-top --no-lock-in-run configure --board sitl --disable-tests"
	User time (seconds): 2.57
	System time (seconds): 1.36
	Percent of CPU this job got: 140%
	Elapsed (wall clock) time (h:mm:ss or m:ss): 0:02.81
	Average shared text size (kbytes): 0
	Average unshared data size (kbytes): 0
	Average stack size (kbytes): 0
	Average total size (kbytes): 0
	Maximum resident set size (kbytes): 100572
	Average resident set size (kbytes): 0
	Major (requiring I/O) page faults: 2
	Minor (reclaiming a frame) page faults: 257046
	Voluntary context switches: 3002
	Involuntary context switches: 275
	Swaps: 0
	File system inputs: 16248
	File system outputs: 1480
	Socket messages sent: 0
	Socket messages received: 0
	Signals delivered: 0
	Page size (bytes): 4096
	Exit status: 0
