Setting top to                           : /home/lqq/project/TAFuzz/baseline/ardupilot 
Setting out to                           : /tmp/rift-ardupilot-clang/build 
Autoconfiguration                        : enabled 
Checking for program 'python'            : /home/lqq/anaconda3/bin/python 
Checking for python version >= 3.9.0     : 3.12.7 
Setting board to                         : sitl 
Processing /home/lqq/project/TAFuzz/baseline/ardupilot/libraries/AP_HAL_SITL/hwdef/sitl/hwdef.dat
Writing hwdef setup in /tmp/rift-ardupilot-clang/build/sitl/hwdef.h
Using toolchain                          : native 
Checking for 'g++' (C++ compiler)        : not found 
Checking for 'clang++' (C++ compiler)    : /usr/bin/clang++-18 
Checking for 'gcc' (C compiler)          : not found 
Checking for 'clang' (C compiler)        : /usr/bin/clang-18 
Checking for c flags '-MMD'              : yes 
Checking for cxx flags '-MMD'            : yes 
CXX Compiler                             : clang++ 18.1.8 
Checking for need to link with librt     : not necessary 
Checking for feenableexcept              : yes 
Disabling SLP for clang++
Enabling -Werror                         : no 
Enabled OpenDroneID                      : no 
Enabled firmware ID checking             : no 
GPS Debug Logging                        : no 
Checking for HAVE_CMATH_ISFINITE         : yes 
Checking for HAVE_CMATH_ISINF            : yes 
Checking for HAVE_CMATH_ISNAN            : yes 
Checking for NEED_CMATH_ISFINITE_STD_NAMESPACE : yes 
Checking for NEED_CMATH_ISINF_STD_NAMESPACE    : yes 
Checking for NEED_CMATH_ISNAN_STD_NAMESPACE    : yes 
Checking for header endian.h                   : yes 
Checking for header byteswap.h                 : yes 
Checking for HAVE_MEMRCHR                      : yes 
Configured VSCode Intellisense:                : no 
DC_DSDL compiler in                            : /home/lqq/project/TAFuzz/baseline/ardupilot/modules/DroneCAN/dronecan_dsdlc 
Source is git repository                       : yes 
Update submodules                              : yes 
Checking for program 'git'                     : /usr/bin/git 
Littlefs                                       : disabled 
Checking for program 'size'                    : /usr/bin/size 
Benchmarks                                     : disabled 
Unit tests                                     : disabled 
Scripting                                      : maybe 
Scripting runtime checks                       : enabled 
Debug build                                    : disabled 
Coverage build                                 : disabled 
Consistent build                               : disabled 
Force 32-bit build                             : disabled 
Checking for program 'rsync'                   : /usr/bin/rsync 
Removing target_list file /tmp/rift-ardupilot-clang/build/sitl/target_list
'configure' finished successfully (2.547s)
