2026-07-17T23:09:59.885430+00:00 Frozen dialect generated from /home/lqq/project/TAFuzz/baseline/px4/src/modules/mavlink/mavlink/message_definitions/v1.0/development.xml; unique_message_ids=243
2026-07-17T23:09:59.890750+00:00 Starting PX4 command=/home/lqq/project/TAFuzz/baseline/px4/build/px4_sitl_default/bin/px4 -i 42 -d /home/lqq/project/TAFuzz/baseline/px4/build/px4_sitl_default/etc cwd=/home/lqq/project/TAFuzz/benchmark/extraction_runs/milestone6/PX4/runtime_state
2026-07-17T23:10:01.200973+00:00 Autopilot heartbeat acquired target=43:1 expected_sysid=43
2026-07-17T23:10:01.201047+00:00 PHASE BASELINE START monotonic_ns=8147663038940 origin=Default PX4 streams after GCS discovery; no PARAM or message request sent. notes=Duration 12.0s.
2026-07-17T23:10:13.204968+00:00 BASELINE complete duration_ns=12003879934 messages=4310
2026-07-17T23:10:13.205039+00:00 PHASE PARAMETER_DOWNLOAD START monotonic_ns=8159667030904 origin=PARAM_REQUEST_LIST followed by explicit PARAM_REQUEST_READ for key parameters. notes=Runtime values only; no PARAM_SET is sent.
2026-07-17T23:10:13.205148+00:00 PARAM_REQUEST_LIST sent target=43:1 monotonic_ns=8159667067429
2026-07-17T23:10:16.180091+00:00 PARAM list receive total=923 unique_names=901 indices=900 expected=900
2026-07-17T23:10:30.631905+00:00 Explicit key PARAM requests complete observed=18/18
2026-07-17T23:10:30.631987+00:00 PHASE REQUEST_SWEEP START monotonic_ns=8176175644973 origin=Sequential MAV_CMD_REQUEST_MESSAGE (512), one frozen dialect message ID per window. notes=Timeout 600ms; no stream-interval or persistent parameter change.
2026-07-17T23:10:31.752575+00:00 REQUEST_SWEEP progress=25/243 observed=11 acks=25
2026-07-17T23:10:32.590900+00:00 REQUEST_SWEEP progress=50/243 observed=13 acks=50
2026-07-17T23:10:33.347601+00:00 REQUEST_SWEEP progress=75/243 observed=19 acks=75
2026-07-17T23:10:34.171960+00:00 REQUEST_SWEEP progress=100/243 observed=22 acks=100
2026-07-17T23:10:34.905595+00:00 REQUEST_SWEEP progress=125/243 observed=28 acks=125
2026-07-17T23:10:35.625774+00:00 REQUEST_SWEEP progress=150/243 observed=34 acks=150
2026-07-17T23:10:36.484678+00:00 REQUEST_SWEEP progress=175/243 observed=36 acks=175
2026-07-17T23:10:37.324809+00:00 REQUEST_SWEEP progress=200/243 observed=38 acks=200
2026-07-17T23:10:38.083635+00:00 REQUEST_SWEEP progress=225/243 observed=43 acks=225
2026-07-17T23:10:38.612227+00:00 REQUEST_SWEEP progress=243/243 observed=47 acks=243
2026-07-17T23:10:38.612333+00:00 Runtime protocol capture phases complete
