Setting SIM_SPEEDUP=1.000000
Setting MAV_SYSID=151
Suggested EK3_DRAG_BCOEF_* = 17.209, EK3_DRAG_MCOEF = 0.209
Home: -35.363261 149.165230 alt=584.000000m hdg=353.000000
Starting sketch 'ArduCopter'
Starting SITL input
Using Irlock at port : 25701
Using \clock topic for DDS timing: disabled
UDP connection 127.0.0.1:19631
Loaded defaults from @ROMFS/default_params/copter.parm
Smoothing reset at 0.001
bind port 22702 for SERIAL1
SERIAL1 on TCP port 22702
bind port 22703 for SERIAL2
SERIAL2 on TCP port 22703
Loaded defaults from @ROMFS/default_params/copter.parm
validate_structures:538: Validating structures
Waiting for internal clock bits to be set (current=0x00)
Loaded defaults from @ROMFS/default_params/copter.parm
Loaded defaults from @ROMFS/default_params/copter.parm
Loaded defaults from @ROMFS/default_params/copter.parm
Loaded defaults from @ROMFS/default_params/copter.parm
Loaded defaults from @ROMFS/default_params/copter.parm
Loaded defaults from @ROMFS/default_params/copter.parm
Exitting
